******************************************************************************
                  MSP430 Linker Unix v21.6.2                   
******************************************************************************
>> Linked Mon Jul  6 11:04:58 2026

OUTPUT FILE NAME:   <SM-TrabalhoFinal.out>
ENTRY POINT SYMBOL: "_c_int00_noargs"  address: 0000c42c


MEMORY CONFIGURATION

         name            origin    length      used     unused   attr    fill
----------------------  --------  ---------  --------  --------  ----  --------
  SFR                   00000000   00000010  00000000  00000010  RWIX
  PERIPHERALS_8BIT      00000010   000000f0  00000000  000000f0  RWIX
  PERIPHERALS_16BIT     00000100   00000100  00000000  00000100  RWIX
  RAM                   00000200   00000200  0000010e  000000f2  RWIX
  INFOD                 00001000   00000040  00000000  00000040  RWIX
  INFOC                 00001040   00000040  00000000  00000040  RWIX
  INFOB                 00001080   00000040  00000000  00000040  RWIX
  INFOA                 000010c0   00000040  00000000  00000040  RWIX
  FLASH                 0000c000   00003fde  0000050e  00003ad0  RWIX
  BSLSIGNATURE          0000ffde   00000002  00000002  00000000  RWIX  ffff 
  INT00                 0000ffe0   00000002  00000002  00000000  RWIX
  INT01                 0000ffe2   00000002  00000000  00000002  RWIX
  INT02                 0000ffe4   00000002  00000002  00000000  RWIX
  INT03                 0000ffe6   00000002  00000002  00000000  RWIX
  INT04                 0000ffe8   00000002  00000000  00000002  RWIX
  INT05                 0000ffea   00000002  00000002  00000000  RWIX
  INT06                 0000ffec   00000002  00000002  00000000  RWIX
  INT07                 0000ffee   00000002  00000002  00000000  RWIX
  INT08                 0000fff0   00000002  00000002  00000000  RWIX
  INT09                 0000fff2   00000002  00000002  00000000  RWIX
  INT10                 0000fff4   00000002  00000002  00000000  RWIX
  INT11                 0000fff6   00000002  00000002  00000000  RWIX
  INT12                 0000fff8   00000002  00000002  00000000  RWIX
  INT13                 0000fffa   00000002  00000002  00000000  RWIX
  INT14                 0000fffc   00000002  00000002  00000000  RWIX
  RESET                 0000fffe   00000002  00000002  00000000  RWIX


SECTION ALLOCATION MAP

 output                                  attributes/
section   page    origin      length       input sections
--------  ----  ----------  ----------   ----------------
.bss       0    00000200    000000a4     UNINITIALIZED
                  00000200    00000064     (.common:janela)
                  00000264    00000040     (.common:adc_buffer)

.data      0    000002a4    0000001a     UNINITIALIZED
                  000002a4    0000001a     main.obj (.data)

.stack     0    000003b0    00000050     UNINITIALIZED
                  000003b0    00000002     rts430_eabi.lib : boot.c.obj (.stack)
                  000003b2    0000004e     --HOLE--

.text      0    0000c000    000004f4     
                  0000c000    000000b8     main.obj (.text:analisa_apneia)
                  0000c0b8    0000008a     main.obj (.text:RTI_ADC)
                  0000c142    0000007c     rts430_eabi.lib : copy_decompress_lzss.c.obj (.text:decompress:lzss:__TI_decompress_lzss)
                  0000c1be    00000068     main.obj (.text:RTI_M0_Timer1_deb)
                  0000c226    0000005c     rts430_eabi.lib : lsr32.asm.obj (.text:l_lsr_const)
                  0000c282    00000058                     : div32u.asm.obj (.text)
                  0000c2da    0000004c                     : lsr16.asm.obj (.text)
                  0000c326    00000042                     : autoinit.c.obj (.text:__TI_auto_init_nobinit_nopinit:__TI_auto_init_nobinit_nopinit)
                  0000c368    0000002c                     : lsl16.asm.obj (.text)
                  0000c394    00000028     main.obj (.text:ini_uCon)
                  0000c3bc    00000026     main.obj (.text:ini_P1_P2)
                  0000c3e2    00000026     rts430_eabi.lib : mult32.asm.obj (.text)
                  0000c408    00000024     main.obj (.text:ini_ADC)
                  0000c42c    0000001c     rts430_eabi.lib : boot.c.obj (.text:_c_int00_noargs)
                  0000c448    0000001a     main.obj (.text:ini_Timer0)
                  0000c462    00000016     main.obj (.text:main)
                  0000c478    00000014     rts430_eabi.lib : copy_zero_init.c.obj (.text:decompress:ZI:__TI_zero_init_nomemset:__TI_zero_init_nomemset)
                  0000c48c    00000014     main.obj (.text:ini_Timer1)
                  0000c4a0    00000012     rts430_eabi.lib : copy_decompress_none.c.obj (.text:decompress:none:__TI_decompress_none)
                  0000c4b2    00000012                     : memcpy.c.obj (.text:memcpy)
                  0000c4c4    00000010                     : epilog.asm.obj (.text)
                  0000c4d4    0000000c     main.obj (.text:RTI_porta1)
                  0000c4e0    00000008     rts430_eabi.lib : isr_trap.asm.obj (.text:_isr:__TI_ISR_TRAP)
                  0000c4e8    00000006                     : exit.c.obj (.text:abort)
                  0000c4ee    00000004                     : pre_init.c.obj (.text:_system_pre_init)
                  0000c4f2    00000002                     : startup.c.obj (.text:_system_post_cinit)

.cinit     0    0000c4f4    0000001a     
                  0000c4f4    00000008     (.cinit..data.load) [load image, compression = lzss]
                  0000c4fc    00000006     (__TI_handler_table)
                  0000c502    00000004     (.cinit..bss.load) [load image, compression = zero_init]
                  0000c506    00000008     (__TI_cinit_table)

.binit     0    0000c000    00000000     

.init_array 
*          0    0000c000    00000000     UNINITIALIZED

TRAPINT    0    0000ffe0    00000002     
                  0000ffe0    00000002     rts430_eabi.lib : int00.asm.obj (.int00)

PORT1      0    0000ffe4    00000002     
                  0000ffe4    00000002     main.obj (.int02)

PORT2      0    0000ffe6    00000002     
                  0000ffe6    00000002     rts430_eabi.lib : int03.asm.obj (.int03)

ADC10      0    0000ffea    00000002     
                  0000ffea    00000002     main.obj (.int05)

USCIAB0TX 
*          0    0000ffec    00000002     
                  0000ffec    00000002     rts430_eabi.lib : int06.asm.obj (.int06)

USCIAB0RX 
*          0    0000ffee    00000002     
                  0000ffee    00000002     rts430_eabi.lib : int07.asm.obj (.int07)

TIMER0_A1 
*          0    0000fff0    00000002     
                  0000fff0    00000002     rts430_eabi.lib : int08.asm.obj (.int08)

TIMER0_A0 
*          0    0000fff2    00000002     
                  0000fff2    00000002     rts430_eabi.lib : int09.asm.obj (.int09)

WDT        0    0000fff4    00000002     
                  0000fff4    00000002     rts430_eabi.lib : int10.asm.obj (.int10)

COMPARATORA 
*          0    0000fff6    00000002     
                  0000fff6    00000002     rts430_eabi.lib : int11.asm.obj (.int11)

TIMER1_A1 
*          0    0000fff8    00000002     
                  0000fff8    00000002     rts430_eabi.lib : int12.asm.obj (.int12)

TIMER1_A0 
*          0    0000fffa    00000002     
                  0000fffa    00000002     main.obj (.int13)

NMI        0    0000fffc    00000002     
                  0000fffc    00000002     rts430_eabi.lib : int14.asm.obj (.int14)

.reset     0    0000fffe    00000002     
                  0000fffe    00000002     rts430_eabi.lib : boot.c.obj (.reset)

$fill000   0    0000ffde    00000002     
                  0000ffde    00000002     --HOLE-- [fill = ffff]

MODULE SUMMARY

       Module                       code   ro data   rw data
       ------                       ----   -------   -------
    ./
       main.obj                     620    6         190    
    +--+----------------------------+------+---------+---------+
       Total:                       620    6         190    
                                                            
    /home/fernanda/ti/ccs2100/ccs/tools/compiler/ti-cgt-msp430_21.6.2.LTS/lib/rts430_eabi.lib
       copy_decompress_lzss.c.obj   124    0         0      
       lsr32.asm.obj                92     0         0      
       div32u.asm.obj               88     0         0      
       lsr16.asm.obj                76     0         0      
       autoinit.c.obj               66     0         0      
       lsl16.asm.obj                44     0         0      
       mult32.asm.obj               38     0         0      
       boot.c.obj                   28     2         0      
       copy_zero_init.c.obj         20     0         0      
       copy_decompress_none.c.obj   18     0         0      
       memcpy.c.obj                 18     0         0      
       epilog.asm.obj               16     0         0      
       isr_trap.asm.obj             8      0         0      
       exit.c.obj                   6      0         0      
       pre_init.c.obj               4      0         0      
       int00.asm.obj                0      2         0      
       int03.asm.obj                0      2         0      
       int06.asm.obj                0      2         0      
       int07.asm.obj                0      2         0      
       int08.asm.obj                0      2         0      
       int09.asm.obj                0      2         0      
       int10.asm.obj                0      2         0      
       int11.asm.obj                0      2         0      
       int12.asm.obj                0      2         0      
       int14.asm.obj                0      2         0      
       startup.c.obj                2      0         0      
    +--+----------------------------+------+---------+---------+
       Total:                       648    22        0      
                                                            
       Stack:                       0      0         80     
       Linker Generated:            0      26        0      
    +--+----------------------------+------+---------+---------+
       Grand Total:                 1268   54        270    


LINKER GENERATED COPY TABLES

__TI_cinit_table @ 0000c506 records: 2, size/record: 4, table size: 8
	.data: load addr=0000c4f4, load size=00000008 bytes, run addr=000002a4, run size=0000001a bytes, compression=lzss
	.bss: load addr=0000c502, load size=00000004 bytes, run addr=00000200, run size=000000a4 bytes, compression=zero_init


LINKER GENERATED HANDLER TABLE

__TI_handler_table @ 0000c4fc records: 3, size/record: 2, table size: 6
	index: 0, handler: __TI_zero_init
	index: 1, handler: __TI_decompress_lzss
	index: 2, handler: __TI_decompress_none


GLOBAL SYMBOLS: SORTED ALPHABETICALLY BY Name 

address   name                          
-------   ----                          
0000004a  ADC10AE0                      
000001b0  ADC10CTL0                     
000001b2  ADC10CTL1                     
00000048  ADC10DTC0                     
00000049  ADC10DTC1                     
000001b4  ADC10MEM                      
000001bc  ADC10SA                       
00000057  BCSCTL1                       
00000058  BCSCTL2                       
00000053  BCSCTL3                       
0000c4e8  C$$EXIT                       
00000059  CACTL1                        
0000005a  CACTL2                        
000010fb  CALBC1_12MHZ                  
000010f9  CALBC1_16MHZ                  
000010ff  CALBC1_1MHZ                   
000010fd  CALBC1_8MHZ                   
000010fa  CALDCO_12MHZ                  
000010f8  CALDCO_16MHZ                  
000010fe  CALDCO_1MHZ                   
000010fc  CALDCO_8MHZ                   
0000005b  CAPD                          
00000056  DCOCTL                        
00000128  FCTL1                         
0000012a  FCTL2                         
0000012c  FCTL3                         
00000000  IE1                           
00000001  IE2                           
00000002  IFG1                          
00000003  IFG2                          
00000022  P1DIR                         
00000025  P1IE                          
00000024  P1IES                         
00000023  P1IFG                         
00000020  P1IN                          
00000021  P1OUT                         
00000027  P1REN                         
00000026  P1SEL                         
00000041  P1SEL2                        
0000002a  P2DIR                         
0000002d  P2IE                          
0000002c  P2IES                         
0000002b  P2IFG                         
00000028  P2IN                          
00000029  P2OUT                         
0000002f  P2REN                         
0000002e  P2SEL                         
00000042  P2SEL2                        
0000001a  P3DIR                         
00000018  P3IN                          
00000019  P3OUT                         
00000010  P3REN                         
0000001b  P3SEL                         
00000043  P3SEL2                        
0000c0b8  RTI_ADC                       
0000c1be  RTI_M0_Timer1_deb             
0000c4d4  RTI_porta1                    
00000172  TA0CCR0                       
00000174  TA0CCR1                       
00000176  TA0CCR2                       
00000162  TA0CCTL0                      
00000164  TA0CCTL1                      
00000166  TA0CCTL2                      
00000160  TA0CTL                        
0000012e  TA0IV                         
00000170  TA0R                          
00000192  TA1CCR0                       
00000194  TA1CCR1                       
00000196  TA1CCR2                       
00000182  TA1CCTL0                      
00000184  TA1CCTL1                      
00000186  TA1CCTL2                      
00000180  TA1CTL                        
0000011e  TA1IV                         
00000190  TA1R                          
000010db  TLV_ADC10_1_LEN               
000010da  TLV_ADC10_1_TAG               
000010c0  TLV_CHECKSUM                  
000010f7  TLV_DCO_30_LEN                
000010f6  TLV_DCO_30_TAG                
0000005d  UCA0ABCTL                     
00000062  UCA0BR0                       
00000063  UCA0BR1                       
00000060  UCA0CTL0                      
00000061  UCA0CTL1                      
0000005f  UCA0IRRCTL                    
0000005e  UCA0IRTCTL                    
00000064  UCA0MCTL                      
00000066  UCA0RXBUF                     
00000065  UCA0STAT                      
00000067  UCA0TXBUF                     
0000006a  UCB0BR0                       
0000006b  UCB0BR1                       
00000068  UCB0CTL0                      
00000069  UCB0CTL1                      
0000006c  UCB0I2CIE                     
00000118  UCB0I2COA                     
0000011a  UCB0I2CSA                     
0000006e  UCB0RXBUF                     
0000006d  UCB0STAT                      
0000006f  UCB0TXBUF                     
00000120  WDTCTL                        
00000400  __STACK_END                   
00000050  __STACK_SIZE                  
0000c506  __TI_CINIT_Base               
0000c50e  __TI_CINIT_Limit              
0000c50e  __TI_CINIT_Warm               
0000c4fc  __TI_Handler_Table_Base       
0000c502  __TI_Handler_Table_Limit      
0000c4e0  __TI_ISR_TRAP                 
0000c326  __TI_auto_init_nobinit_nopinit
0000c142  __TI_decompress_lzss          
0000c4a0  __TI_decompress_none          
0000ffe0  __TI_int00                    
0000ffe4  __TI_int02                    
0000ffe6  __TI_int03                    
0000ffea  __TI_int05                    
0000ffec  __TI_int06                    
0000ffee  __TI_int07                    
0000fff0  __TI_int08                    
0000fff2  __TI_int09                    
0000fff4  __TI_int10                    
0000fff6  __TI_int11                    
0000fff8  __TI_int12                    
0000fffa  __TI_int13                    
0000fffc  __TI_int14                    
ffffffff  __TI_pprof_out_hndl           
ffffffff  __TI_prof_data_size           
ffffffff  __TI_prof_data_start          
0000c478  __TI_zero_init_nomemset       
ffffffff  __c_args__                    
0000c282  __mspabi_divul                
0000c4d0  __mspabi_func_epilog_1        
0000c4ce  __mspabi_func_epilog_2        
0000c4cc  __mspabi_func_epilog_3        
0000c4ca  __mspabi_func_epilog_4        
0000c4c8  __mspabi_func_epilog_5        
0000c4c6  __mspabi_func_epilog_6        
0000c4c4  __mspabi_func_epilog_7        
0000c3e2  __mspabi_mpyl                 
0000c3e2  __mspabi_mpyl_sw              
0000c282  __mspabi_remul                
0000c368  __mspabi_slli                 
0000c390  __mspabi_slli_1               
0000c37e  __mspabi_slli_10              
0000c37c  __mspabi_slli_11              
0000c37a  __mspabi_slli_12              
0000c378  __mspabi_slli_13              
0000c376  __mspabi_slli_14              
0000c374  __mspabi_slli_15              
0000c38e  __mspabi_slli_2               
0000c38c  __mspabi_slli_3               
0000c38a  __mspabi_slli_4               
0000c388  __mspabi_slli_5               
0000c386  __mspabi_slli_6               
0000c384  __mspabi_slli_7               
0000c382  __mspabi_slli_8               
0000c380  __mspabi_slli_9               
0000c2da  __mspabi_srli                 
0000c320  __mspabi_srli_1               
0000c2fc  __mspabi_srli_10              
0000c2f8  __mspabi_srli_11              
0000c2f4  __mspabi_srli_12              
0000c2f0  __mspabi_srli_13              
0000c2ec  __mspabi_srli_14              
0000c2e8  __mspabi_srli_15              
0000c31c  __mspabi_srli_2               
0000c318  __mspabi_srli_3               
0000c314  __mspabi_srli_4               
0000c310  __mspabi_srli_5               
0000c30c  __mspabi_srli_6               
0000c308  __mspabi_srli_7               
0000c304  __mspabi_srli_8               
0000c300  __mspabi_srli_9               
0000c27a  __mspabi_srll_1               
0000c244  __mspabi_srll_10              
0000c23e  __mspabi_srll_11              
0000c238  __mspabi_srll_12              
0000c232  __mspabi_srll_13              
0000c22c  __mspabi_srll_14              
0000c226  __mspabi_srll_15              
0000c274  __mspabi_srll_2               
0000c26e  __mspabi_srll_3               
0000c268  __mspabi_srll_4               
0000c262  __mspabi_srll_5               
0000c25c  __mspabi_srll_6               
0000c256  __mspabi_srll_7               
0000c250  __mspabi_srll_8               
0000c24a  __mspabi_srll_9               
0000c42c  _c_int00_noargs               
0000fffe  _reset_vector                 
000003b0  _stack                        
0000c4f2  _system_post_cinit            
0000c4ee  _system_pre_init              
0000c4e8  abort                         
00000264  adc_buffer                    
000002ad  alarme_ativo                  
0000c000  analisa_apneia                
000002b8  diferenca                     
000002a4  indice_janela                 
0000c408  ini_ADC                       
0000c3bc  ini_P1_P2                     
0000c448  ini_Timer0                    
0000c48c  ini_Timer1                    
0000c394  ini_uCon                      
00000200  janela                        
000002a5  janela_cheia                  
000002ac  janelas_sem_movimento         
000002bc  log0                          
0000c462  main                          
000002aa  media                         
000002b2  media_janela                  
0000c4b2  memcpy                        
000002a6  soma                          
000002ae  soma_janela                   
000002bd  teste4_pronto                 
000002b4  variancia_janela              


GLOBAL SYMBOLS: SORTED BY Symbol Address 

address   name                          
-------   ----                          
00000000  IE1                           
00000001  IE2                           
00000002  IFG1                          
00000003  IFG2                          
00000010  P3REN                         
00000018  P3IN                          
00000019  P3OUT                         
0000001a  P3DIR                         
0000001b  P3SEL                         
00000020  P1IN                          
00000021  P1OUT                         
00000022  P1DIR                         
00000023  P1IFG                         
00000024  P1IES                         
00000025  P1IE                          
00000026  P1SEL                         
00000027  P1REN                         
00000028  P2IN                          
00000029  P2OUT                         
0000002a  P2DIR                         
0000002b  P2IFG                         
0000002c  P2IES                         
0000002d  P2IE                          
0000002e  P2SEL                         
0000002f  P2REN                         
00000041  P1SEL2                        
00000042  P2SEL2                        
00000043  P3SEL2                        
00000048  ADC10DTC0                     
00000049  ADC10DTC1                     
0000004a  ADC10AE0                      
00000050  __STACK_SIZE                  
00000053  BCSCTL3                       
00000056  DCOCTL                        
00000057  BCSCTL1                       
00000058  BCSCTL2                       
00000059  CACTL1                        
0000005a  CACTL2                        
0000005b  CAPD                          
0000005d  UCA0ABCTL                     
0000005e  UCA0IRTCTL                    
0000005f  UCA0IRRCTL                    
00000060  UCA0CTL0                      
00000061  UCA0CTL1                      
00000062  UCA0BR0                       
00000063  UCA0BR1                       
00000064  UCA0MCTL                      
00000065  UCA0STAT                      
00000066  UCA0RXBUF                     
00000067  UCA0TXBUF                     
00000068  UCB0CTL0                      
00000069  UCB0CTL1                      
0000006a  UCB0BR0                       
0000006b  UCB0BR1                       
0000006c  UCB0I2CIE                     
0000006d  UCB0STAT                      
0000006e  UCB0RXBUF                     
0000006f  UCB0TXBUF                     
00000118  UCB0I2COA                     
0000011a  UCB0I2CSA                     
0000011e  TA1IV                         
00000120  WDTCTL                        
00000128  FCTL1                         
0000012a  FCTL2                         
0000012c  FCTL3                         
0000012e  TA0IV                         
00000160  TA0CTL                        
00000162  TA0CCTL0                      
00000164  TA0CCTL1                      
00000166  TA0CCTL2                      
00000170  TA0R                          
00000172  TA0CCR0                       
00000174  TA0CCR1                       
00000176  TA0CCR2                       
00000180  TA1CTL                        
00000182  TA1CCTL0                      
00000184  TA1CCTL1                      
00000186  TA1CCTL2                      
00000190  TA1R                          
00000192  TA1CCR0                       
00000194  TA1CCR1                       
00000196  TA1CCR2                       
000001b0  ADC10CTL0                     
000001b2  ADC10CTL1                     
000001b4  ADC10MEM                      
000001bc  ADC10SA                       
00000200  janela                        
00000264  adc_buffer                    
000002a4  indice_janela                 
000002a5  janela_cheia                  
000002a6  soma                          
000002aa  media                         
000002ac  janelas_sem_movimento         
000002ad  alarme_ativo                  
000002ae  soma_janela                   
000002b2  media_janela                  
000002b4  variancia_janela              
000002b8  diferenca                     
000002bc  log0                          
000002bd  teste4_pronto                 
000003b0  _stack                        
00000400  __STACK_END                   
000010c0  TLV_CHECKSUM                  
000010da  TLV_ADC10_1_TAG               
000010db  TLV_ADC10_1_LEN               
000010f6  TLV_DCO_30_TAG                
000010f7  TLV_DCO_30_LEN                
000010f8  CALDCO_16MHZ                  
000010f9  CALBC1_16MHZ                  
000010fa  CALDCO_12MHZ                  
000010fb  CALBC1_12MHZ                  
000010fc  CALDCO_8MHZ                   
000010fd  CALBC1_8MHZ                   
000010fe  CALDCO_1MHZ                   
000010ff  CALBC1_1MHZ                   
0000c000  analisa_apneia                
0000c0b8  RTI_ADC                       
0000c142  __TI_decompress_lzss          
0000c1be  RTI_M0_Timer1_deb             
0000c226  __mspabi_srll_15              
0000c22c  __mspabi_srll_14              
0000c232  __mspabi_srll_13              
0000c238  __mspabi_srll_12              
0000c23e  __mspabi_srll_11              
0000c244  __mspabi_srll_10              
0000c24a  __mspabi_srll_9               
0000c250  __mspabi_srll_8               
0000c256  __mspabi_srll_7               
0000c25c  __mspabi_srll_6               
0000c262  __mspabi_srll_5               
0000c268  __mspabi_srll_4               
0000c26e  __mspabi_srll_3               
0000c274  __mspabi_srll_2               
0000c27a  __mspabi_srll_1               
0000c282  __mspabi_divul                
0000c282  __mspabi_remul                
0000c2da  __mspabi_srli                 
0000c2e8  __mspabi_srli_15              
0000c2ec  __mspabi_srli_14              
0000c2f0  __mspabi_srli_13              
0000c2f4  __mspabi_srli_12              
0000c2f8  __mspabi_srli_11              
0000c2fc  __mspabi_srli_10              
0000c300  __mspabi_srli_9               
0000c304  __mspabi_srli_8               
0000c308  __mspabi_srli_7               
0000c30c  __mspabi_srli_6               
0000c310  __mspabi_srli_5               
0000c314  __mspabi_srli_4               
0000c318  __mspabi_srli_3               
0000c31c  __mspabi_srli_2               
0000c320  __mspabi_srli_1               
0000c326  __TI_auto_init_nobinit_nopinit
0000c368  __mspabi_slli                 
0000c374  __mspabi_slli_15              
0000c376  __mspabi_slli_14              
0000c378  __mspabi_slli_13              
0000c37a  __mspabi_slli_12              
0000c37c  __mspabi_slli_11              
0000c37e  __mspabi_slli_10              
0000c380  __mspabi_slli_9               
0000c382  __mspabi_slli_8               
0000c384  __mspabi_slli_7               
0000c386  __mspabi_slli_6               
0000c388  __mspabi_slli_5               
0000c38a  __mspabi_slli_4               
0000c38c  __mspabi_slli_3               
0000c38e  __mspabi_slli_2               
0000c390  __mspabi_slli_1               
0000c394  ini_uCon                      
0000c3bc  ini_P1_P2                     
0000c3e2  __mspabi_mpyl                 
0000c3e2  __mspabi_mpyl_sw              
0000c408  ini_ADC                       
0000c42c  _c_int00_noargs               
0000c448  ini_Timer0                    
0000c462  main                          
0000c478  __TI_zero_init_nomemset       
0000c48c  ini_Timer1                    
0000c4a0  __TI_decompress_none          
0000c4b2  memcpy                        
0000c4c4  __mspabi_func_epilog_7        
0000c4c6  __mspabi_func_epilog_6        
0000c4c8  __mspabi_func_epilog_5        
0000c4ca  __mspabi_func_epilog_4        
0000c4cc  __mspabi_func_epilog_3        
0000c4ce  __mspabi_func_epilog_2        
0000c4d0  __mspabi_func_epilog_1        
0000c4d4  RTI_porta1                    
0000c4e0  __TI_ISR_TRAP                 
0000c4e8  C$$EXIT                       
0000c4e8  abort                         
0000c4ee  _system_pre_init              
0000c4f2  _system_post_cinit            
0000c4fc  __TI_Handler_Table_Base       
0000c502  __TI_Handler_Table_Limit      
0000c506  __TI_CINIT_Base               
0000c50e  __TI_CINIT_Limit              
0000c50e  __TI_CINIT_Warm               
0000ffe0  __TI_int00                    
0000ffe4  __TI_int02                    
0000ffe6  __TI_int03                    
0000ffea  __TI_int05                    
0000ffec  __TI_int06                    
0000ffee  __TI_int07                    
0000fff0  __TI_int08                    
0000fff2  __TI_int09                    
0000fff4  __TI_int10                    
0000fff6  __TI_int11                    
0000fff8  __TI_int12                    
0000fffa  __TI_int13                    
0000fffc  __TI_int14                    
0000fffe  _reset_vector                 
ffffffff  __TI_pprof_out_hndl           
ffffffff  __TI_prof_data_size           
ffffffff  __TI_prof_data_start          
ffffffff  __c_args__                    

[217 symbols]
